[backblue.gif]
[fade.gif]
[index.html]
[temank3.id/public/images/logo-kemnaker.png]
[temank3.id/public/themes/website/asset/favicons/apple-touch-icon.png]
[temank3.id/public/themes/website/asset/favicons/favicon-32x32.png]
[temank3.id/public/themes/website/asset/favicons/favicon-16x16.png]
[cdnjs.cloudflare.com/ajax/libs/font-awesome/5.15.3/css/all.min.css]
[temank3.id/public/themes/adminlte/plugins/jquery/jquery.min.js]
[temank3.id/public/themes/website/asset/img/logo.png]
[temank3.id/public/uploads/photo/FEBRIYANTO-1671151502950003-220818114258.jpg]
[temank3.id/public/themes/website/asset/img/logofooter1.png]
[temank3.id/public/themes/website/dist/js/bootstrap.bundle.min.js]
[temank3.id/public/themes/adminlte/plugins/sweetalert2/sweetalert2.min.js]
[temank3.id/page/cek_qrcode/0332090922.html]
[cdnjs.cloudflare.com/ajax/libs/font-awesome/5.15.3/css/all.min.css]
[temank3.id/public/themes/website/dist/css/bootstrap.min.css]
[temank3.id/public/themes/adminlte/plugins/sweetalert2-theme-bootstrap-4/bootstrap-4.min.css]
[temank3.id/public/themes/website/css/carousel.css]
[temank3.id/public/themes/website/css/style.css]
[temank3.id/assets/plugins/jquery/jquery.min.html]
[temank3.id/assets/plugins/bootstrap/js/bootstrap.bundle.min.html]
[temank3.id/assets/scripts/jquery.captcha.basic.min.html]
